














    [38;5;62m┌─────────────┐[0m    [38;5;62m┌─────────────┐[0m    [38;5;62m┌─────────────┐[0m    [38;5;255m┌[38;5;141m─────────────┐[0m
    [38;5;62m│[0m    [38;5;189mpodman[0m   [38;5;62m│[0m    [38;5;62m│[0m [38;5;189msession[0m [38;5;189mimg[0m [38;5;62m│[0m    [38;5;62m│[0m  [38;5;189msearch[0m [38;5;189msvc[0m [38;5;62m│[0m    [38;5;141m│[0m [38;5;231mrestart[0m [38;5;231mplcy[38;5;141m│[0m
    [38;5;62m└──────┬──────┘[0m    [38;5;62m└──────┬──────┘[0m    [38;5;62m└──────┬──────┘[0m    [38;5;141m└──────┬──────┘[0m
           [38;5;183m●[0m                  [38;5;60m│[0m                  [38;5;60m│[0m                  [38;5;60m│[0m
    [38;5;60m═══════╧═════════════[38;5;189m ubuntu 24.04 · dependencies [38;5;60m══════════════╧═══════[0m














    [38;5;62m┌─────────────┐[0m    [38;5;62m┌─────────────┐[0m    [38;5;62m┌─────────────┐[0m    [38;5;141m┌─[38;5;255m─[38;5;141m───────────┐[0m
    [38;5;62m│[0m    [38;5;189mpodman[0m   [38;5;62m│[0m    [38;5;62m│[0m [38;5;189msession[0m [38;5;189mimg[0m [38;5;62m│[0m    [38;5;62m│[0m  [38;5;189msearch[0m [38;5;189msvc[0m [38;5;62m│[0m    [38;5;141m│[0m [38;5;231mrestart[0m [38;5;231mplcy[38;5;141m│[0m
    [38;5;62m└──────┬──────┘[0m    [38;5;62m└──────┬──────┘[0m    [38;5;62m└──────┬──────┘[0m    [38;5;141m└──────┬──────┘[0m
           [38;5;183m●[0m                  [38;5;60m│[0m                  [38;5;60m│[0m                  [38;5;60m│[0m
    [38;5;60m═══════╧═════════════[38;5;189m ubuntu 24.04 · dependencies [38;5;60m══════════════╧═══════[0m














    [38;5;62m┌─────────────┐[0m    [38;5;62m┌─────────────┐[0m    [38;5;62m┌─────────────┐[0m    [38;5;141m┌────[38;5;255m─[38;5;141m────────┐[0m
    [38;5;62m│[0m    [38;5;189mpodman[0m   [38;5;62m│[0m    [38;5;62m│[0m [38;5;189msession[0m [38;5;189mimg[0m [38;5;62m│[0m    [38;5;62m│[0m  [38;5;189msearch[0m [38;5;189msvc[0m [38;5;62m│[0m    [38;5;141m│[0m [38;5;231mrestart[0m [38;5;231mplcy[38;5;141m│[0m
    [38;5;62m└──────┬──────┘[0m    [38;5;62m└──────┬──────┘[0m    [38;5;62m└──────┬──────┘[0m    [38;5;141m└──────┬──────┘[0m
           [38;5;183m●[0m                  [38;5;60m│[0m                  [38;5;60m│[0m                  [38;5;60m│[0m
    [38;5;60m═══════╧═════════════[38;5;189m ubuntu 24.04 · dependencies [38;5;60m══════════════╧═══════[0m














    [38;5;62m┌─────────────┐[0m    [38;5;62m┌─────────────┐[0m    [38;5;62m┌─────────────┐[0m    [38;5;141m┌───────[38;5;255m─[38;5;141m─────┐[0m
    [38;5;62m│[0m    [38;5;189mpodman[0m   [38;5;62m│[0m    [38;5;62m│[0m [38;5;189msession[0m [38;5;189mimg[0m [38;5;62m│[0m    [38;5;62m│[0m  [38;5;189msearch[0m [38;5;189msvc[0m [38;5;62m│[0m    [38;5;141m│[0m [38;5;231mrestart[0m [38;5;231mplcy[38;5;141m│[0m
    [38;5;62m└──────┬──────┘[0m    [38;5;62m└──────┬──────┘[0m    [38;5;62m└──────┬──────┘[0m    [38;5;141m└──────┬──────┘[0m
           [38;5;60m│[0m                  [38;5;183m●[0m                  [38;5;60m│[0m                  [38;5;60m│[0m
    [38;5;60m═══════╧═════════════[38;5;189m ubuntu 24.04 · dependencies [38;5;60m══════════════╧═══════[0m














    [38;5;62m┌─────────────┐[0m    [38;5;62m┌─────────────┐[0m    [38;5;62m┌─────────────┐[0m    [38;5;141m┌─────────[38;5;255m─[38;5;141m───┐[0m
    [38;5;62m│[0m    [38;5;189mpodman[0m   [38;5;62m│[0m    [38;5;62m│[0m [38;5;189msession[0m [38;5;189mimg[0m [38;5;62m│[0m    [38;5;62m│[0m  [38;5;189msearch[0m [38;5;189msvc[0m [38;5;62m│[0m    [38;5;141m│[0m [38;5;231mrestart[0m [38;5;231mplcy[38;5;141m│[0m
    [38;5;62m└──────┬──────┘[0m    [38;5;62m└──────┬──────┘[0m    [38;5;62m└──────┬──────┘[0m    [38;5;141m└──────┬──────┘[0m
           [38;5;60m│[0m                  [38;5;183m●[0m                  [38;5;60m│[0m                  [38;5;60m│[0m
    [38;5;60m═══════╧═════════════[38;5;189m ubuntu 24.04 · dependencies [38;5;60m══════════════╧═══════[0m














    [38;5;62m┌─────────────┐[0m    [38;5;62m┌─────────────┐[0m    [38;5;62m┌─────────────┐[0m    [38;5;141m┌────────────[38;5;255m─[38;5;141m┐[0m
    [38;5;62m│[0m    [38;5;189mpodman[0m   [38;5;62m│[0m    [38;5;62m│[0m [38;5;189msession[0m [38;5;189mimg[0m [38;5;62m│[0m    [38;5;62m│[0m  [38;5;189msearch[0m [38;5;189msvc[0m [38;5;62m│[0m    [38;5;141m│[0m [38;5;231mrestart[0m [38;5;231mplcy[38;5;141m│[0m
    [38;5;62m└──────┬──────┘[0m    [38;5;62m└──────┬──────┘[0m    [38;5;62m└──────┬──────┘[0m    [38;5;141m└──────┬──────┘[0m
           [38;5;60m│[0m                  [38;5;183m●[0m                  [38;5;60m│[0m                  [38;5;60m│[0m
    [38;5;60m═══════╧═════════════[38;5;189m ubuntu 24.04 · dependencies [38;5;60m══════════════╧═══════[0m














    [38;5;62m┌─────────────┐[0m    [38;5;62m┌─────────────┐[0m    [38;5;62m┌─────────────┐[0m    [38;5;141m┌─────────────┐[0m
    [38;5;62m│[0m    [38;5;189mpodman[0m   [38;5;62m│[0m    [38;5;62m│[0m [38;5;189msession[0m [38;5;189mimg[0m [38;5;62m│[0m    [38;5;62m│[0m  [38;5;189msearch[0m [38;5;189msvc[0m [38;5;62m│[0m    [38;5;141m│[0m [38;5;231mrestart[0m [38;5;231mplcy[38;5;141m│[0m
    [38;5;62m└──────┬──────┘[0m    [38;5;62m└──────┬──────┘[0m    [38;5;62m└──────┬──────┘[0m    [38;5;141m└──────┬──────[38;5;255m┘[0m
           [38;5;60m│[0m                  [38;5;60m│[0m                  [38;5;183m●[0m                  [38;5;60m│[0m
    [38;5;60m═══════╧═════════════[38;5;189m ubuntu 24.04 · dependencies [38;5;60m══════════════╧═══════[0m














    [38;5;62m┌─────────────┐[0m    [38;5;62m┌─────────────┐[0m    [38;5;62m┌─────────────┐[0m    [38;5;141m┌─────────────┐[0m
    [38;5;62m│[0m    [38;5;189mpodman[0m   [38;5;62m│[0m    [38;5;62m│[0m [38;5;189msession[0m [38;5;189mimg[0m [38;5;62m│[0m    [38;5;62m│[0m  [38;5;189msearch[0m [38;5;189msvc[0m [38;5;62m│[0m    [38;5;141m│[0m [38;5;231mrestart[0m [38;5;231mplcy[38;5;141m│[0m
    [38;5;62m└──────┬──────┘[0m    [38;5;62m└──────┬──────┘[0m    [38;5;62m└──────┬──────┘[0m    [38;5;141m└──────┬────[38;5;255m─[38;5;141m─┘[0m
           [38;5;60m│[0m                  [38;5;60m│[0m                  [38;5;183m●[0m                  [38;5;60m│[0m
    [38;5;60m═══════╧═════════════[38;5;189m ubuntu 24.04 · dependencies [38;5;60m══════════════╧═══════[0m














    [38;5;62m┌─────────────┐[0m    [38;5;62m┌─────────────┐[0m    [38;5;62m┌─────────────┐[0m    [38;5;141m┌─────────────┐[0m
    [38;5;62m│[0m    [38;5;189mpodman[0m   [38;5;62m│[0m    [38;5;62m│[0m [38;5;189msession[0m [38;5;189mimg[0m [38;5;62m│[0m    [38;5;62m│[0m  [38;5;189msearch[0m [38;5;189msvc[0m [38;5;62m│[0m    [38;5;141m│[0m [38;5;231mrestart[0m [38;5;231mplcy[38;5;141m│[0m
    [38;5;62m└──────┬──────┘[0m    [38;5;62m└──────┬──────┘[0m    [38;5;62m└──────┬──────┘[0m    [38;5;141m└──────┬─[38;5;255m─[38;5;141m────┘[0m
           [38;5;60m│[0m                  [38;5;60m│[0m                  [38;5;183m●[0m                  [38;5;60m│[0m
    [38;5;60m═══════╧═════════════[38;5;189m ubuntu 24.04 · dependencies [38;5;60m══════════════╧═══════[0m














    [38;5;62m┌─────────────┐[0m    [38;5;62m┌─────────────┐[0m    [38;5;62m┌─────────────┐[0m    [38;5;141m┌─────────────┐[0m
    [38;5;62m│[0m    [38;5;189mpodman[0m   [38;5;62m│[0m    [38;5;62m│[0m [38;5;189msession[0m [38;5;189mimg[0m [38;5;62m│[0m    [38;5;62m│[0m  [38;5;189msearch[0m [38;5;189msvc[0m [38;5;62m│[0m    [38;5;141m│[0m [38;5;231mrestart[0m [38;5;231mplcy[38;5;141m│[0m
    [38;5;62m└──────┬──────┘[0m    [38;5;62m└──────┬──────┘[0m    [38;5;62m└──────┬──────┘[0m    [38;5;141m└─────[38;5;255m─[38;5;141m┬──────┘[0m
           [38;5;60m│[0m                  [38;5;60m│[0m                  [38;5;60m│[0m                  [38;5;183m●[0m
    [38;5;60m═══════╧═════════════[38;5;189m ubuntu 24.04 · dependencies [38;5;60m══════════════╧═══════[0m














    [38;5;62m┌─────────────┐[0m    [38;5;62m┌─────────────┐[0m    [38;5;62m┌─────────────┐[0m    [38;5;141m┌─────────────┐[0m
    [38;5;62m│[0m    [38;5;189mpodman[0m   [38;5;62m│[0m    [38;5;62m│[0m [38;5;189msession[0m [38;5;189mimg[0m [38;5;62m│[0m    [38;5;62m│[0m  [38;5;189msearch[0m [38;5;189msvc[0m [38;5;62m│[0m    [38;5;141m│[0m [38;5;231mrestart[0m [38;5;231mplcy[38;5;141m│[0m
    [38;5;62m└──────┬──────┘[0m    [38;5;62m└──────┬──────┘[0m    [38;5;62m└──────┬──────┘[0m    [38;5;141m└───[38;5;255m─[38;5;141m──┬──────┘[0m
           [38;5;60m│[0m                  [38;5;60m│[0m                  [38;5;60m│[0m                  [38;5;183m●[0m
    [38;5;60m═══════╧═════════════[38;5;189m ubuntu 24.04 · dependencies [38;5;60m══════════════╧═══════[0m














    [38;5;62m┌─────────────┐[0m    [38;5;62m┌─────────────┐[0m    [38;5;62m┌─────────────┐[0m    [38;5;141m┌─────────────┐[0m
    [38;5;62m│[0m    [38;5;189mpodman[0m   [38;5;62m│[0m    [38;5;62m│[0m [38;5;189msession[0m [38;5;189mimg[0m [38;5;62m│[0m    [38;5;62m│[0m  [38;5;189msearch[0m [38;5;189msvc[0m [38;5;62m│[0m    [38;5;141m│[0m [38;5;231mrestart[0m [38;5;231mplcy[38;5;141m│[0m
    [38;5;62m└──────┬──────┘[0m    [38;5;62m└──────┬──────┘[0m    [38;5;62m└──────┬──────┘[0m    [38;5;141m└[38;5;255m─[38;5;141m─────┬──────┘[0m
           [38;5;60m│[0m                  [38;5;60m│[0m                  [38;5;60m│[0m                  [38;5;183m●[0m
    [38;5;60m═══════╧═════════════[38;5;189m ubuntu 24.04 · dependencies [38;5;60m══════════════╧═══════[0m