          [38;5;141m▁▁▁▁▁▁▁▁▁▁▁▁▁▁▁▁▁▁ [38;5;231mkiosk[38;5;141m [38;5;231m·[38;5;141m [38;5;231mapp[38;5;141m [38;5;231m·[38;5;141m [38;5;231mheadless[38;5;141m ▁▁▁▁▁▁▁▁▁▁▁▁▁▁▁▁▁▁[0m
                      [38;5;183m●[38;5;60m─────────────────┴─────────────────┐[0m
          [38;5;62m┌───────────┴──────────┐[0m            [38;5;62m┌───────────┴──────────┐[0m
          [38;5;62m│[0m   [38;5;189mchat[0m [38;5;189m·[0m [38;5;189mOpen[0m [38;5;189mWebUI[0m  [38;5;62m│[0m            [38;5;62m│[0m   [38;5;189mpanel[0m [38;5;189m·[0m [38;5;189m/v1/agent[0m  [38;5;62m│[0m
          [38;5;62m└───────────┬──────────┘[0m            [38;5;62m└───────────┬──────────┘[0m
                      [38;5;60m└─────────────────┬─────────────────[38;5;183m●[0m
                          [38;5;62m┌─────────────┴────────────┐[0m
                          [38;5;62m│[0m   [38;5;189mcielo-runtime.service[0m  [38;5;62m│[0m
                          [38;5;62m└─────────────┬────────────┘[0m
                                        [38;5;60m│[0m
                       [38;5;62m┌────────────────┴───────────────┐[0m
                       [38;5;62m│[0m      [38;5;189m/opt/cielo[0m [38;5;189m·[0m [38;5;189mruntime[0m      [38;5;62m│[0m
                       [38;5;62m│[0m    [38;5;189mmode[0m [38;5;189mapp[0m [38;5;189m·[0m [38;5;189m127.0.0.1:5148[0m   [38;5;62m│[0m
                       [38;5;62m└────────────────┬───────────────┘[0m
           [38;5;183m●[38;5;60m──────────────────┬─────────┴────────┬──────────────────┐[0m
    [38;5;62m┌──────┴──────┐[0m    [38;5;62m┌──────┴──────┐[0m    [38;5;62m┌──────┴──────┐[0m    [38;5;62m┌──────┴──────┐[0m
    [38;5;62m│[0m    [38;5;189mpodman[0m   [38;5;62m│[0m    [38;5;62m│[0m [38;5;189msession[0m [38;5;189mimg[0m [38;5;62m│[0m    [38;5;62m│[0m  [38;5;189msearch[0m [38;5;189msvc[0m [38;5;62m│[0m    [38;5;62m│[0m [38;5;189mrestart[0m [38;5;189mplcy[38;5;62m│[0m
    [38;5;62m└──────┬──────┘[0m    [38;5;62m└──────┬──────┘[0m    [38;5;62m└──────┬──────┘[0m    [38;5;62m└──────┬──────┘[0m
           [38;5;183m●[0m                  [38;5;60m│[0m                  [38;5;60m│[0m                  [38;5;60m│[0m
    [38;5;60m═══════╧═════════════[38;5;189m ubuntu 24.04 · dependencies [38;5;60m══════════════╧═══════[0m          [38;5;141m▁▁▁▁▁▁▁▁▁▁▁▁▁▁▁▁▁▁ [38;5;231mkiosk[38;5;141m [38;5;231m·[38;5;141m [38;5;231mapp[38;5;141m [38;5;231m·[38;5;141m [38;5;231mheadless[38;5;141m ▁▁▁▁▁▁▁▁▁▁▁▁▁▁▁▁▁▁[0m
                      [38;5;60m┌──[38;5;183m●[38;5;60m──────────────┴─────────────────┐[0m
          [38;5;62m┌───────────┴──────────┐[0m            [38;5;62m┌───────────┴──────────┐[0m
          [38;5;62m│[0m   [38;5;189mchat[0m [38;5;189m·[0m [38;5;189mOpen[0m [38;5;189mWebUI[0m  [38;5;62m│[0m            [38;5;62m│[0m   [38;5;189mpanel[0m [38;5;189m·[0m [38;5;189m/v1/agent[0m  [38;5;62m│[0m
          [38;5;62m└───────────┬──────────┘[0m            [38;5;62m└───────────┬──────────┘[0m
                      [38;5;60m└─────────────────┬──────────────[38;5;183m●[38;5;60m──┘[0m
                          [38;5;62m┌─────────────┴────────────┐[0m
                          [38;5;62m│[0m   [38;5;189mcielo-runtime.service[0m  [38;5;62m│[0m
                          [38;5;62m└─────────────┬────────────┘[0m
                                        [38;5;60m│[0m
                       [38;5;62m┌────────────────┴───────────────┐[0m
                       [38;5;62m│[0m      [38;5;189m/opt/cielo[0m [38;5;189m·[0m [38;5;189mruntime[0m      [38;5;62m│[0m
                       [38;5;62m│[0m    [38;5;189mmode[0m [38;5;189mapp[0m [38;5;189m·[0m [38;5;189m127.0.0.1:5148[0m   [38;5;62m│[0m
                       [38;5;62m└────────────────┬───────────────┘[0m
           [38;5;60m┌───[38;5;183m●[38;5;60m──────────────┬─────────┴────────┬──────────────────┐[0m
    [38;5;62m┌──────┴──────┐[0m    [38;5;62m┌──────┴──────┐[0m    [38;5;62m┌──────┴──────┐[0m    [38;5;62m┌──────┴──────┐[0m
    [38;5;62m│[0m    [38;5;189mpodman[0m   [38;5;62m│[0m    [38;5;62m│[0m [38;5;189msession[0m [38;5;189mimg[0m [38;5;62m│[0m    [38;5;62m│[0m  [38;5;189msearch[0m [38;5;189msvc[0m [38;5;62m│[0m    [38;5;62m│[0m [38;5;189mrestart[0m [38;5;189mplcy[38;5;62m│[0m
    [38;5;62m└──────┬──────┘[0m    [38;5;62m└──────┬──────┘[0m    [38;5;62m└──────┬──────┘[0m    [38;5;62m└──────┬──────┘[0m
           [38;5;183m●[0m                  [38;5;60m│[0m                  [38;5;60m│[0m                  [38;5;60m│[0m
    [38;5;60m═══════╧═════════════[38;5;189m ubuntu 24.04 · dependencies [38;5;60m══════════════╧═══════[0m          [38;5;141m▁▁▁▁▁▁▁▁▁▁▁▁▁▁▁▁▁▁ [38;5;231mkiosk[38;5;141m [38;5;231m·[38;5;141m [38;5;231mapp[38;5;141m [38;5;231m·[38;5;141m [38;5;231mheadless[38;5;141m ▁▁▁▁▁▁▁▁▁▁▁▁▁▁▁▁▁▁[0m
                      [38;5;60m┌─────[38;5;183m●[38;5;60m───────────┴─────────────────┐[0m
          [38;5;62m┌───────────┴──────────┐[0m            [38;5;62m┌───────────┴──────────┐[0m
          [38;5;62m│[0m   [38;5;189mchat[0m [38;5;189m·[0m [38;5;189mOpen[0m [38;5;189mWebUI[0m  [38;5;62m│[0m            [38;5;62m│[0m   [38;5;189mpanel[0m [38;5;189m·[0m [38;5;189m/v1/agent[0m  [38;5;62m│[0m
          [38;5;62m└───────────┬──────────┘[0m            [38;5;62m└───────────┬──────────┘[0m
                      [38;5;60m└─────────────────┬───────────[38;5;183m●[38;5;60m─────┘[0m
                          [38;5;62m┌─────────────┴────────────┐[0m
                          [38;5;62m│[0m   [38;5;189mcielo-runtime.service[0m  [38;5;62m│[0m
                          [38;5;62m└─────────────┬────────────┘[0m
                                        [38;5;60m│[0m
                       [38;5;62m┌────────────────┴───────────────┐[0m
                       [38;5;62m│[0m      [38;5;189m/opt/cielo[0m [38;5;189m·[0m [38;5;189mruntime[0m      [38;5;62m│[0m
                       [38;5;62m│[0m    [38;5;189mmode[0m [38;5;189mapp[0m [38;5;189m·[0m [38;5;189m127.0.0.1:5148[0m   [38;5;62m│[0m
                       [38;5;62m└────────────────┬───────────────┘[0m
           [38;5;60m┌────────[38;5;183m●[38;5;60m─────────┬─────────┴────────┬──────────────────┐[0m
    [38;5;62m┌──────┴──────┐[0m    [38;5;62m┌──────┴──────┐[0m    [38;5;62m┌──────┴──────┐[0m    [38;5;62m┌──────┴──────┐[0m
    [38;5;62m│[0m    [38;5;189mpodman[0m   [38;5;62m│[0m    [38;5;62m│[0m [38;5;189msession[0m [38;5;189mimg[0m [38;5;62m│[0m    [38;5;62m│[0m  [38;5;189msearch[0m [38;5;189msvc[0m [38;5;62m│[0m    [38;5;62m│[0m [38;5;189mrestart[0m [38;5;189mplcy[38;5;62m│[0m
    [38;5;62m└──────┬──────┘[0m    [38;5;62m└──────┬──────┘[0m    [38;5;62m└──────┬──────┘[0m    [38;5;62m└──────┬──────┘[0m
           [38;5;183m●[0m                  [38;5;60m│[0m                  [38;5;60m│[0m                  [38;5;60m│[0m
    [38;5;60m═══════╧═════════════[38;5;189m ubuntu 24.04 · dependencies [38;5;60m══════════════╧═══════[0m          [38;5;141m▁▁▁▁▁▁▁▁▁▁▁▁▁▁▁▁▁▁ [38;5;231mkiosk[38;5;141m [38;5;231m·[38;5;141m [38;5;231mapp[38;5;141m [38;5;231m·[38;5;141m [38;5;231mheadless[38;5;141m ▁▁▁▁▁▁▁▁▁▁▁▁▁▁▁▁▁▁[0m
                      [38;5;60m┌────────[38;5;183m●[38;5;60m────────┴─────────────────┐[0m
          [38;5;62m┌───────────┴──────────┐[0m            [38;5;62m┌───────────┴──────────┐[0m
          [38;5;62m│[0m   [38;5;189mchat[0m [38;5;189m·[0m [38;5;189mOpen[0m [38;5;189mWebUI[0m  [38;5;62m│[0m            [38;5;62m│[0m   [38;5;189mpanel[0m [38;5;189m·[0m [38;5;189m/v1/agent[0m  [38;5;62m│[0m
          [38;5;62m└───────────┬──────────┘[0m            [38;5;62m└───────────┬──────────┘[0m
                      [38;5;60m└─────────────────┬────────[38;5;183m●[38;5;60m────────┘[0m
                          [38;5;62m┌─────────────┴────────────┐[0m
                          [38;5;62m│[0m   [38;5;189mcielo-runtime.service[0m  [38;5;62m│[0m
                          [38;5;62m└─────────────┬────────────┘[0m
                                        [38;5;60m│[0m
                       [38;5;62m┌────────────────┴───────────────┐[0m
                       [38;5;62m│[0m      [38;5;189m/opt/cielo[0m [38;5;189m·[0m [38;5;189mruntime[0m      [38;5;62m│[0m
                       [38;5;62m│[0m    [38;5;189mmode[0m [38;5;189mapp[0m [38;5;189m·[0m [38;5;189m127.0.0.1:5148[0m   [38;5;62m│[0m
                       [38;5;62m└────────────────┬───────────────┘[0m
           [38;5;60m┌─────────────[38;5;183m●[38;5;60m────┬─────────┴────────┬──────────────────┐[0m
    [38;5;62m┌──────┴──────┐[0m    [38;5;62m┌──────┴──────┐[0m    [38;5;62m┌──────┴──────┐[0m    [38;5;62m┌──────┴──────┐[0m
    [38;5;62m│[0m    [38;5;189mpodman[0m   [38;5;62m│[0m    [38;5;62m│[0m [38;5;189msession[0m [38;5;189mimg[0m [38;5;62m│[0m    [38;5;62m│[0m  [38;5;189msearch[0m [38;5;189msvc[0m [38;5;62m│[0m    [38;5;62m│[0m [38;5;189mrestart[0m [38;5;189mplcy[38;5;62m│[0m
    [38;5;62m└──────┬──────┘[0m    [38;5;62m└──────┬──────┘[0m    [38;5;62m└──────┬──────┘[0m    [38;5;62m└──────┬──────┘[0m
           [38;5;60m│[0m                  [38;5;183m●[0m                  [38;5;60m│[0m                  [38;5;60m│[0m
    [38;5;60m═══════╧═════════════[38;5;189m ubuntu 24.04 · dependencies [38;5;60m══════════════╧═══════[0m          [38;5;141m▁▁▁▁▁▁▁▁▁▁▁▁▁▁▁▁▁▁ [38;5;231mkiosk[38;5;141m [38;5;231m·[38;5;141m [38;5;231mapp[38;5;141m [38;5;231m·[38;5;141m [38;5;231mheadless[38;5;141m ▁▁▁▁▁▁▁▁▁▁▁▁▁▁▁▁▁▁[0m
                      [38;5;60m┌───────────[38;5;183m●[38;5;60m─────┴─────────────────┐[0m
          [38;5;62m┌───────────┴──────────┐[0m            [38;5;62m┌───────────┴──────────┐[0m
          [38;5;62m│[0m   [38;5;189mchat[0m [38;5;189m·[0m [38;5;189mOpen[0m [38;5;189mWebUI[0m  [38;5;62m│[0m            [38;5;62m│[0m   [38;5;189mpanel[0m [38;5;189m·[0m [38;5;189m/v1/agent[0m  [38;5;62m│[0m
          [38;5;62m└───────────┬──────────┘[0m            [38;5;62m└───────────┬──────────┘[0m
                      [38;5;60m└─────────────────┬─────[38;5;183m●[38;5;60m───────────┘[0m
                          [38;5;62m┌─────────────┴────────────┐[0m
                          [38;5;62m│[0m   [38;5;189mcielo-runtime.service[0m  [38;5;62m│[0m
                          [38;5;62m└─────────────┬────────────┘[0m
                                        [38;5;60m│[0m
                       [38;5;62m┌────────────────┴───────────────┐[0m
                       [38;5;62m│[0m      [38;5;189m/opt/cielo[0m [38;5;189m·[0m [38;5;189mruntime[0m      [38;5;62m│[0m
                       [38;5;62m│[0m    [38;5;189mmode[0m [38;5;189mapp[0m [38;5;189m·[0m [38;5;189m127.0.0.1:5148[0m   [38;5;62m│[0m
                       [38;5;62m└────────────────┬───────────────┘[0m
           [38;5;60m┌──────────────────[38;5;183m●[38;5;60m─────────┴────────┬──────────────────┐[0m
    [38;5;62m┌──────┴──────┐[0m    [38;5;62m┌──────┴──────┐[0m    [38;5;62m┌──────┴──────┐[0m    [38;5;62m┌──────┴──────┐[0m
    [38;5;62m│[0m    [38;5;189mpodman[0m   [38;5;62m│[0m    [38;5;62m│[0m [38;5;189msession[0m [38;5;189mimg[0m [38;5;62m│[0m    [38;5;62m│[0m  [38;5;189msearch[0m [38;5;189msvc[0m [38;5;62m│[0m    [38;5;62m│[0m [38;5;189mrestart[0m [38;5;189mplcy[38;5;62m│[0m
    [38;5;62m└──────┬──────┘[0m    [38;5;62m└──────┬──────┘[0m    [38;5;62m└──────┬──────┘[0m    [38;5;62m└──────┬──────┘[0m
           [38;5;60m│[0m                  [38;5;183m●[0m                  [38;5;60m│[0m                  [38;5;60m│[0m
    [38;5;60m═══════╧═════════════[38;5;189m ubuntu 24.04 · dependencies [38;5;60m══════════════╧═══════[0m          [38;5;141m▁▁▁▁▁▁▁▁▁▁▁▁▁▁▁▁▁▁ [38;5;231mkiosk[38;5;141m [38;5;231m·[38;5;141m [38;5;231mapp[38;5;141m [38;5;231m·[38;5;141m [38;5;231mheadless[38;5;141m ▁▁▁▁▁▁▁▁▁▁▁▁▁▁▁▁▁▁[0m
                      [38;5;60m┌──────────────[38;5;183m●[38;5;60m──┴─────────────────┐[0m
          [38;5;62m┌───────────┴──────────┐[0m            [38;5;62m┌───────────┴──────────┐[0m
          [38;5;62m│[0m   [38;5;189mchat[0m [38;5;189m·[0m [38;5;189mOpen[0m [38;5;189mWebUI[0m  [38;5;62m│[0m            [38;5;62m│[0m   [38;5;189mpanel[0m [38;5;189m·[0m [38;5;189m/v1/agent[0m  [38;5;62m│[0m
          [38;5;62m└───────────┬──────────┘[0m            [38;5;62m└───────────┬──────────┘[0m
                      [38;5;60m└─────────────────┬──[38;5;183m●[38;5;60m──────────────┘[0m
                          [38;5;62m┌─────────────┴────────────┐[0m
                          [38;5;62m│[0m   [38;5;189mcielo-runtime.service[0m  [38;5;62m│[0m
                          [38;5;62m└─────────────┬────────────┘[0m
                                        [38;5;60m│[0m
                       [38;5;62m┌────────────────┴───────────────┐[0m
                       [38;5;62m│[0m      [38;5;189m/opt/cielo[0m [38;5;189m·[0m [38;5;189mruntime[0m      [38;5;62m│[0m
                       [38;5;62m│[0m    [38;5;189mmode[0m [38;5;189mapp[0m [38;5;189m·[0m [38;5;189m127.0.0.1:5148[0m   [38;5;62m│[0m
                       [38;5;62m└────────────────┬───────────────┘[0m
           [38;5;60m┌──────────────────┬───[38;5;183m●[38;5;60m─────┴────────┬──────────────────┐[0m
    [38;5;62m┌──────┴──────┐[0m    [38;5;62m┌──────┴──────┐[0m    [38;5;62m┌──────┴──────┐[0m    [38;5;62m┌──────┴──────┐[0m
    [38;5;62m│[0m    [38;5;189mpodman[0m   [38;5;62m│[0m    [38;5;62m│[0m [38;5;189msession[0m [38;5;189mimg[0m [38;5;62m│[0m    [38;5;62m│[0m  [38;5;189msearch[0m [38;5;189msvc[0m [38;5;62m│[0m    [38;5;62m│[0m [38;5;189mrestart[0m [38;5;189mplcy[38;5;62m│[0m
    [38;5;62m└──────┬──────┘[0m    [38;5;62m└──────┬──────┘[0m    [38;5;62m└──────┬──────┘[0m    [38;5;62m└──────┬──────┘[0m
           [38;5;60m│[0m                  [38;5;183m●[0m                  [38;5;60m│[0m                  [38;5;60m│[0m
    [38;5;60m═══════╧═════════════[38;5;189m ubuntu 24.04 · dependencies [38;5;60m══════════════╧═══════[0m          [38;5;141m▁▁▁▁▁▁▁▁▁▁▁▁▁▁▁▁▁▁ [38;5;231mkiosk[38;5;141m [38;5;231m·[38;5;141m [38;5;231mapp[38;5;141m [38;5;231m·[38;5;141m [38;5;231mheadless[38;5;141m ▁▁▁▁▁▁▁▁▁▁▁▁▁▁▁▁▁▁[0m
                      [38;5;60m┌─────────────────[38;5;183m●[38;5;60m─────────────────┐[0m
          [38;5;62m┌───────────┴──────────┐[0m            [38;5;62m┌───────────┴──────────┐[0m
          [38;5;62m│[0m   [38;5;189mchat[0m [38;5;189m·[0m [38;5;189mOpen[0m [38;5;189mWebUI[0m  [38;5;62m│[0m            [38;5;62m│[0m   [38;5;189mpanel[0m [38;5;189m·[0m [38;5;189m/v1/agent[0m  [38;5;62m│[0m
          [38;5;62m└───────────┬──────────┘[0m            [38;5;62m└───────────┬──────────┘[0m
                      [38;5;60m└─────────────────[38;5;183m●[38;5;60m─────────────────┘[0m
                          [38;5;62m┌─────────────┴────────────┐[0m
                          [38;5;62m│[0m   [38;5;189mcielo-runtime.service[0m  [38;5;62m│[0m
                          [38;5;62m└─────────────┬────────────┘[0m
                                        [38;5;60m│[0m
                       [38;5;62m┌────────────────┴───────────────┐[0m
                       [38;5;62m│[0m      [38;5;189m/opt/cielo[0m [38;5;189m·[0m [38;5;189mruntime[0m      [38;5;62m│[0m
                       [38;5;62m│[0m    [38;5;189mmode[0m [38;5;189mapp[0m [38;5;189m·[0m [38;5;189m127.0.0.1:5148[0m   [38;5;62m│[0m
                       [38;5;62m└────────────────┬───────────────┘[0m
           [38;5;60m┌──────────────────┬────────[38;5;183m●[38;5;60m┴────────┬──────────────────┐[0m
    [38;5;62m┌──────┴──────┐[0m    [38;5;62m┌──────┴──────┐[0m    [38;5;62m┌──────┴──────┐[0m    [38;5;62m┌──────┴──────┐[0m
    [38;5;62m│[0m    [38;5;189mpodman[0m   [38;5;62m│[0m    [38;5;62m│[0m [38;5;189msession[0m [38;5;189mimg[0m [38;5;62m│[0m    [38;5;62m│[0m  [38;5;189msearch[0m [38;5;189msvc[0m [38;5;62m│[0m    [38;5;62m│[0m [38;5;189mrestart[0m [38;5;189mplcy[38;5;62m│[0m
    [38;5;62m└──────┬──────┘[0m    [38;5;62m└──────┬──────┘[0m    [38;5;62m└──────┬──────┘[0m    [38;5;62m└──────┬──────┘[0m
           [38;5;60m│[0m                  [38;5;60m│[0m                  [38;5;183m●[0m                  [38;5;60m│[0m
    [38;5;60m═══════╧═════════════[38;5;189m ubuntu 24.04 · dependencies [38;5;60m══════════════╧═══════[0m          [38;5;141m▁▁▁▁▁▁▁▁▁▁▁▁▁▁▁▁▁▁ [38;5;231mkiosk[38;5;141m [38;5;231m·[38;5;141m [38;5;231mapp[38;5;141m [38;5;231m·[38;5;141m [38;5;231mheadless[38;5;141m ▁▁▁▁▁▁▁▁▁▁▁▁▁▁▁▁▁▁[0m
                      [38;5;60m┌─────────────────┴──[38;5;183m●[38;5;60m──────────────┐[0m
          [38;5;62m┌───────────┴──────────┐[0m            [38;5;62m┌───────────┴──────────┐[0m
          [38;5;62m│[0m   [38;5;189mchat[0m [38;5;189m·[0m [38;5;189mOpen[0m [38;5;189mWebUI[0m  [38;5;62m│[0m            [38;5;62m│[0m   [38;5;189mpanel[0m [38;5;189m·[0m [38;5;189m/v1/agent[0m  [38;5;62m│[0m
          [38;5;62m└───────────┬──────────┘[0m            [38;5;62m└───────────┬──────────┘[0m
                      [38;5;60m└──────────────[38;5;183m●[38;5;60m──┬─────────────────┘[0m
                          [38;5;62m┌─────────────┴────────────┐[0m
                          [38;5;62m│[0m   [38;5;189mcielo-runtime.service[0m  [38;5;62m│[0m
                          [38;5;62m└─────────────┬────────────┘[0m
                                        [38;5;60m│[0m
                       [38;5;62m┌────────────────┴───────────────┐[0m
                       [38;5;62m│[0m      [38;5;189m/opt/cielo[0m [38;5;189m·[0m [38;5;189mruntime[0m      [38;5;62m│[0m
                       [38;5;62m│[0m    [38;5;189mmode[0m [38;5;189mapp[0m [38;5;189m·[0m [38;5;189m127.0.0.1:5148[0m   [38;5;62m│[0m
                       [38;5;62m└────────────────┬───────────────┘[0m
           [38;5;60m┌──────────────────┬─────────┴───[38;5;183m●[38;5;60m────┬──────────────────┐[0m
    [38;5;62m┌──────┴──────┐[0m    [38;5;62m┌──────┴──────┐[0m    [38;5;62m┌──────┴──────┐[0m    [38;5;62m┌──────┴──────┐[0m
    [38;5;62m│[0m    [38;5;189mpodman[0m   [38;5;62m│[0m    [38;5;62m│[0m [38;5;189msession[0m [38;5;189mimg[0m [38;5;62m│[0m    [38;5;62m│[0m  [38;5;189msearch[0m [38;5;189msvc[0m [38;5;62m│[0m    [38;5;62m│[0m [38;5;189mrestart[0m [38;5;189mplcy[38;5;62m│[0m
    [38;5;62m└──────┬──────┘[0m    [38;5;62m└──────┬──────┘[0m    [38;5;62m└──────┬──────┘[0m    [38;5;62m└──────┬──────┘[0m
           [38;5;60m│[0m                  [38;5;60m│[0m                  [38;5;183m●[0m                  [38;5;60m│[0m
    [38;5;60m═══════╧═════════════[38;5;189m ubuntu 24.04 · dependencies [38;5;60m══════════════╧═══════[0m          [38;5;141m▁▁▁▁▁▁▁▁▁▁▁▁▁▁▁▁▁▁ [38;5;231mkiosk[38;5;141m [38;5;231m·[38;5;141m [38;5;231mapp[38;5;141m [38;5;231m·[38;5;141m [38;5;231mheadless[38;5;141m ▁▁▁▁▁▁▁▁▁▁▁▁▁▁▁▁▁▁[0m
                      [38;5;60m┌─────────────────┴─────[38;5;183m●[38;5;60m───────────┐[0m
          [38;5;62m┌───────────┴──────────┐[0m            [38;5;62m┌───────────┴──────────┐[0m
          [38;5;62m│[0m   [38;5;189mchat[0m [38;5;189m·[0m [38;5;189mOpen[0m [38;5;189mWebUI[0m  [38;5;62m│[0m            [38;5;62m│[0m   [38;5;189mpanel[0m [38;5;189m·[0m [38;5;189m/v1/agent[0m  [38;5;62m│[0m
          [38;5;62m└───────────┬──────────┘[0m            [38;5;62m└───────────┬──────────┘[0m
                      [38;5;60m└───────────[38;5;183m●[38;5;60m─────┬─────────────────┘[0m
                          [38;5;62m┌─────────────┴────────────┐[0m
                          [38;5;62m│[0m   [38;5;189mcielo-runtime.service[0m  [38;5;62m│[0m
                          [38;5;62m└─────────────┬────────────┘[0m
                                        [38;5;60m│[0m
                       [38;5;62m┌────────────────┴───────────────┐[0m
                       [38;5;62m│[0m      [38;5;189m/opt/cielo[0m [38;5;189m·[0m [38;5;189mruntime[0m      [38;5;62m│[0m
                       [38;5;62m│[0m    [38;5;189mmode[0m [38;5;189mapp[0m [38;5;189m·[0m [38;5;189m127.0.0.1:5148[0m   [38;5;62m│[0m
                       [38;5;62m└────────────────┬───────────────┘[0m
           [38;5;60m┌──────────────────┬─────────┴────────[38;5;183m●[38;5;60m──────────────────┐[0m
    [38;5;62m┌──────┴──────┐[0m    [38;5;62m┌──────┴──────┐[0m    [38;5;62m┌──────┴──────┐[0m    [38;5;62m┌──────┴──────┐[0m
    [38;5;62m│[0m    [38;5;189mpodman[0m   [38;5;62m│[0m    [38;5;62m│[0m [38;5;189msession[0m [38;5;189mimg[0m [38;5;62m│[0m    [38;5;62m│[0m  [38;5;189msearch[0m [38;5;189msvc[0m [38;5;62m│[0m    [38;5;62m│[0m [38;5;189mrestart[0m [38;5;189mplcy[38;5;62m│[0m
    [38;5;62m└──────┬──────┘[0m    [38;5;62m└──────┬──────┘[0m    [38;5;62m└──────┬──────┘[0m    [38;5;62m└──────┬──────┘[0m
           [38;5;60m│[0m                  [38;5;60m│[0m                  [38;5;183m●[0m                  [38;5;60m│[0m
    [38;5;60m═══════╧═════════════[38;5;189m ubuntu 24.04 · dependencies [38;5;60m══════════════╧═══════[0m          [38;5;141m▁▁▁▁▁▁▁▁▁▁▁▁▁▁▁▁▁▁ [38;5;231mkiosk[38;5;141m [38;5;231m·[38;5;141m [38;5;231mapp[38;5;141m [38;5;231m·[38;5;141m [38;5;231mheadless[38;5;141m ▁▁▁▁▁▁▁▁▁▁▁▁▁▁▁▁▁▁[0m
                      [38;5;60m┌─────────────────┴────────[38;5;183m●[38;5;60m────────┐[0m
          [38;5;62m┌───────────┴──────────┐[0m            [38;5;62m┌───────────┴──────────┐[0m
          [38;5;62m│[0m   [38;5;189mchat[0m [38;5;189m·[0m [38;5;189mOpen[0m [38;5;189mWebUI[0m  [38;5;62m│[0m            [38;5;62m│[0m   [38;5;189mpanel[0m [38;5;189m·[0m [38;5;189m/v1/agent[0m  [38;5;62m│[0m
          [38;5;62m└───────────┬──────────┘[0m            [38;5;62m└───────────┬──────────┘[0m
                      [38;5;60m└────────[38;5;183m●[38;5;60m────────┬─────────────────┘[0m
                          [38;5;62m┌─────────────┴────────────┐[0m
                          [38;5;62m│[0m   [38;5;189mcielo-runtime.service[0m  [38;5;62m│[0m
                          [38;5;62m└─────────────┬────────────┘[0m
                                        [38;5;60m│[0m
                       [38;5;62m┌────────────────┴───────────────┐[0m
                       [38;5;62m│[0m      [38;5;189m/opt/cielo[0m [38;5;189m·[0m [38;5;189mruntime[0m      [38;5;62m│[0m
                       [38;5;62m│[0m    [38;5;189mmode[0m [38;5;189mapp[0m [38;5;189m·[0m [38;5;189m127.0.0.1:5148[0m   [38;5;62m│[0m
                       [38;5;62m└────────────────┬───────────────┘[0m
           [38;5;60m┌──────────────────┬─────────┴────────┬───[38;5;183m●[38;5;60m──────────────┐[0m
    [38;5;62m┌──────┴──────┐[0m    [38;5;62m┌──────┴──────┐[0m    [38;5;62m┌──────┴──────┐[0m    [38;5;62m┌──────┴──────┐[0m
    [38;5;62m│[0m    [38;5;189mpodman[0m   [38;5;62m│[0m    [38;5;62m│[0m [38;5;189msession[0m [38;5;189mimg[0m [38;5;62m│[0m    [38;5;62m│[0m  [38;5;189msearch[0m [38;5;189msvc[0m [38;5;62m│[0m    [38;5;62m│[0m [38;5;189mrestart[0m [38;5;189mplcy[38;5;62m│[0m
    [38;5;62m└──────┬──────┘[0m    [38;5;62m└──────┬──────┘[0m    [38;5;62m└──────┬──────┘[0m    [38;5;62m└──────┬──────┘[0m
           [38;5;60m│[0m                  [38;5;60m│[0m                  [38;5;60m│[0m                  [38;5;183m●[0m
    [38;5;60m═══════╧═════════════[38;5;189m ubuntu 24.04 · dependencies [38;5;60m══════════════╧═══════[0m          [38;5;141m▁▁▁▁▁▁▁▁▁▁▁▁▁▁▁▁▁▁ [38;5;231mkiosk[38;5;141m [38;5;231m·[38;5;141m [38;5;231mapp[38;5;141m [38;5;231m·[38;5;141m [38;5;231mheadless[38;5;141m ▁▁▁▁▁▁▁▁▁▁▁▁▁▁▁▁▁▁[0m
                      [38;5;60m┌─────────────────┴───────────[38;5;183m●[38;5;60m─────┐[0m
          [38;5;62m┌───────────┴──────────┐[0m            [38;5;62m┌───────────┴──────────┐[0m
          [38;5;62m│[0m   [38;5;189mchat[0m [38;5;189m·[0m [38;5;189mOpen[0m [38;5;189mWebUI[0m  [38;5;62m│[0m            [38;5;62m│[0m   [38;5;189mpanel[0m [38;5;189m·[0m [38;5;189m/v1/agent[0m  [38;5;62m│[0m
          [38;5;62m└───────────┬──────────┘[0m            [38;5;62m└───────────┬──────────┘[0m
                      [38;5;60m└─────[38;5;183m●[38;5;60m───────────┬─────────────────┘[0m
                          [38;5;62m┌─────────────┴────────────┐[0m
                          [38;5;62m│[0m   [38;5;189mcielo-runtime.service[0m  [38;5;62m│[0m
                          [38;5;62m└─────────────┬────────────┘[0m
                                        [38;5;60m│[0m
                       [38;5;62m┌────────────────┴───────────────┐[0m
                       [38;5;62m│[0m      [38;5;189m/opt/cielo[0m [38;5;189m·[0m [38;5;189mruntime[0m      [38;5;62m│[0m
                       [38;5;62m│[0m    [38;5;189mmode[0m [38;5;189mapp[0m [38;5;189m·[0m [38;5;189m127.0.0.1:5148[0m   [38;5;62m│[0m
                       [38;5;62m└────────────────┬───────────────┘[0m
           [38;5;60m┌──────────────────┬─────────┴────────┬────────[38;5;183m●[38;5;60m─────────┐[0m
    [38;5;62m┌──────┴──────┐[0m    [38;5;62m┌──────┴──────┐[0m    [38;5;62m┌──────┴──────┐[0m    [38;5;62m┌──────┴──────┐[0m
    [38;5;62m│[0m    [38;5;189mpodman[0m   [38;5;62m│[0m    [38;5;62m│[0m [38;5;189msession[0m [38;5;189mimg[0m [38;5;62m│[0m    [38;5;62m│[0m  [38;5;189msearch[0m [38;5;189msvc[0m [38;5;62m│[0m    [38;5;62m│[0m [38;5;189mrestart[0m [38;5;189mplcy[38;5;62m│[0m
    [38;5;62m└──────┬──────┘[0m    [38;5;62m└──────┬──────┘[0m    [38;5;62m└──────┬──────┘[0m    [38;5;62m└──────┬──────┘[0m
           [38;5;60m│[0m                  [38;5;60m│[0m                  [38;5;60m│[0m                  [38;5;183m●[0m
    [38;5;60m═══════╧═════════════[38;5;189m ubuntu 24.04 · dependencies [38;5;60m══════════════╧═══════[0m          [38;5;141m▁▁▁▁▁▁▁▁▁▁▁▁▁▁▁▁▁▁ [38;5;231mkiosk[38;5;141m [38;5;231m·[38;5;141m [38;5;231mapp[38;5;141m [38;5;231m·[38;5;141m [38;5;231mheadless[38;5;141m ▁▁▁▁▁▁▁▁▁▁▁▁▁▁▁▁▁▁[0m
                      [38;5;60m┌─────────────────┴──────────────[38;5;183m●[38;5;60m──┐[0m
          [38;5;62m┌───────────┴──────────┐[0m            [38;5;62m┌───────────┴──────────┐[0m
          [38;5;62m│[0m   [38;5;189mchat[0m [38;5;189m·[0m [38;5;189mOpen[0m [38;5;189mWebUI[0m  [38;5;62m│[0m            [38;5;62m│[0m   [38;5;189mpanel[0m [38;5;189m·[0m [38;5;189m/v1/agent[0m  [38;5;62m│[0m
          [38;5;62m└───────────┬──────────┘[0m            [38;5;62m└───────────┬──────────┘[0m
                      [38;5;60m└──[38;5;183m●[38;5;60m──────────────┬─────────────────┘[0m
                          [38;5;62m┌─────────────┴────────────┐[0m
                          [38;5;62m│[0m   [38;5;189mcielo-runtime.service[0m  [38;5;62m│[0m
                          [38;5;62m└─────────────┬────────────┘[0m
                                        [38;5;60m│[0m
                       [38;5;62m┌────────────────┴───────────────┐[0m
                       [38;5;62m│[0m      [38;5;189m/opt/cielo[0m [38;5;189m·[0m [38;5;189mruntime[0m      [38;5;62m│[0m
                       [38;5;62m│[0m    [38;5;189mmode[0m [38;5;189mapp[0m [38;5;189m·[0m [38;5;189m127.0.0.1:5148[0m   [38;5;62m│[0m
                       [38;5;62m└────────────────┬───────────────┘[0m
           [38;5;60m┌──────────────────┬─────────┴────────┬─────────────[38;5;183m●[38;5;60m────┐[0m
    [38;5;62m┌──────┴──────┐[0m    [38;5;62m┌──────┴──────┐[0m    [38;5;62m┌──────┴──────┐[0m    [38;5;62m┌──────┴──────┐[0m
    [38;5;62m│[0m    [38;5;189mpodman[0m   [38;5;62m│[0m    [38;5;62m│[0m [38;5;189msession[0m [38;5;189mimg[0m [38;5;62m│[0m    [38;5;62m│[0m  [38;5;189msearch[0m [38;5;189msvc[0m [38;5;62m│[0m    [38;5;62m│[0m [38;5;189mrestart[0m [38;5;189mplcy[38;5;62m│[0m
    [38;5;62m└──────┬──────┘[0m    [38;5;62m└──────┬──────┘[0m    [38;5;62m└──────┬──────┘[0m    [38;5;62m└──────┬──────┘[0m
           [38;5;60m│[0m                  [38;5;60m│[0m                  [38;5;60m│[0m                  [38;5;183m●[0m
    [38;5;60m═══════╧═════════════[38;5;189m ubuntu 24.04 · dependencies [38;5;60m══════════════╧═══════[0m